// Jest Snapshot v1, https://goo.gl/fbAQLP

exports[`productImage debe de mostrar el componente con la imagen del producto 1`] = `
<div
  className="productCard undefined"
>
  <img
    alt="Product Image"
    className="productImg undefined"
    src="./coffee-mug.png"
  />
</div>
`;

exports[`productImage debe de mostrar el componente correctamente con la imagen personalizada 1`] = `
<img
  alt="Product Image"
  className="productImg custom-class"
  src="http://hola.jpg"
/>
`;
